c:\cgprogramming\jpeg-9c\jpeg-9c\release\jpeg.pdb
c:\cgprogramming\jpeg-9c\jpeg-9c\release\jdarith.obj
c:\cgprogramming\jpeg-9c\jpeg-9c\release\jdapistd.obj
c:\cgprogramming\jpeg-9c\jpeg-9c\release\jdapimin.obj
c:\cgprogramming\jpeg-9c\jpeg-9c\release\jctrans.obj
c:\cgprogramming\jpeg-9c\jpeg-9c\release\jcsample.obj
c:\cgprogramming\jpeg-9c\jpeg-9c\release\jcprepct.obj
c:\cgprogramming\jpeg-9c\jpeg-9c\release\jcparam.obj
c:\cgprogramming\jpeg-9c\jpeg-9c\release\jcomapi.obj
c:\cgprogramming\jpeg-9c\jpeg-9c\release\jcmaster.obj
c:\cgprogramming\jpeg-9c\jpeg-9c\release\jcmarker.obj
c:\cgprogramming\jpeg-9c\jpeg-9c\release\jcmainct.obj
c:\cgprogramming\jpeg-9c\jpeg-9c\release\jcinit.obj
c:\cgprogramming\jpeg-9c\jpeg-9c\release\jchuff.obj
c:\cgprogramming\jpeg-9c\jpeg-9c\release\jcdctmgr.obj
c:\cgprogramming\jpeg-9c\jpeg-9c\release\jccolor.obj
c:\cgprogramming\jpeg-9c\jpeg-9c\release\jccoefct.obj
c:\cgprogramming\jpeg-9c\jpeg-9c\release\jcarith.obj
c:\cgprogramming\jpeg-9c\jpeg-9c\release\jcapistd.obj
c:\cgprogramming\jpeg-9c\jpeg-9c\release\jcapimin.obj
c:\cgprogramming\jpeg-9c\jpeg-9c\release\jaricom.obj
c:\cgprogramming\jpeg-9c\jpeg-9c\release\jidctfst.obj
c:\cgprogramming\jpeg-9c\jpeg-9c\release\jidctflt.obj
c:\cgprogramming\jpeg-9c\jpeg-9c\release\jfdctint.obj
c:\cgprogramming\jpeg-9c\jpeg-9c\release\jfdctfst.obj
c:\cgprogramming\jpeg-9c\jpeg-9c\release\jfdctflt.obj
c:\cgprogramming\jpeg-9c\jpeg-9c\release\jerror.obj
c:\cgprogramming\jpeg-9c\jpeg-9c\release\jdtrans.obj
c:\cgprogramming\jpeg-9c\jpeg-9c\release\jdsample.obj
c:\cgprogramming\jpeg-9c\jpeg-9c\release\jdpostct.obj
c:\cgprogramming\jpeg-9c\jpeg-9c\release\jdmerge.obj
c:\cgprogramming\jpeg-9c\jpeg-9c\release\jdmaster.obj
c:\cgprogramming\jpeg-9c\jpeg-9c\release\jdmarker.obj
c:\cgprogramming\jpeg-9c\jpeg-9c\release\jdmainct.obj
c:\cgprogramming\jpeg-9c\jpeg-9c\release\jdinput.obj
c:\cgprogramming\jpeg-9c\jpeg-9c\release\jdhuff.obj
c:\cgprogramming\jpeg-9c\jpeg-9c\release\jddctmgr.obj
c:\cgprogramming\jpeg-9c\jpeg-9c\release\jdcolor.obj
c:\cgprogramming\jpeg-9c\jpeg-9c\release\jdcoefct.obj
c:\cgprogramming\jpeg-9c\jpeg-9c\release\jdatasrc.obj
c:\cgprogramming\jpeg-9c\jpeg-9c\release\jdatadst.obj
c:\cgprogramming\jpeg-9c\jpeg-9c\release\jutils.obj
c:\cgprogramming\jpeg-9c\jpeg-9c\release\jquant2.obj
c:\cgprogramming\jpeg-9c\jpeg-9c\release\jquant1.obj
c:\cgprogramming\jpeg-9c\jpeg-9c\release\jmemnobs.obj
c:\cgprogramming\jpeg-9c\jpeg-9c\release\jmemmgr.obj
c:\cgprogramming\jpeg-9c\jpeg-9c\release\jidctint.obj
c:\cgprogramming\jpeg-9c\jpeg-9c\release\jpeg.lib
c:\cgprogramming\jpeg-9c\jpeg-9c\release\jpeg.tlog\cl.command.1.tlog
c:\cgprogramming\jpeg-9c\jpeg-9c\release\jpeg.tlog\cl.read.1.tlog
c:\cgprogramming\jpeg-9c\jpeg-9c\release\jpeg.tlog\cl.write.1.tlog
c:\cgprogramming\jpeg-9c\jpeg-9c\release\jpeg.tlog\lib-link.read.1.tlog
c:\cgprogramming\jpeg-9c\jpeg-9c\release\jpeg.tlog\lib-link.write.1.tlog
c:\cgprogramming\jpeg-9c\jpeg-9c\release\jpeg.tlog\lib.command.1.tlog
